// Jest Snapshot v1, https://goo.gl/fbAQLP

exports[`matches snapshot 1`] = `
<form
  onSubmit={[Function]}
  style={
    Object {
      "width": "100%",
    }
  }
>
  <div
    className="sc-AykKC ecAPZg"
    style={
      Object {
        "borderRadius": "0px",
        "margin": "0px 0px 0px 0px",
        "width": "100%",
      }
    }
  >
    <div
      className="row"
    />
    <div
      className="row"
    >
      <div
        className="col-sm-8"
      >
        <label
          className="smallLabel"
        >
          Search for procedure
        </label>
      </div>
      <div
        className="col-sm-2"
      >
        <label
          className="smallLabel"
        >
          ZIP code
        </label>
      </div>
      <div
        className="col-sm-2"
      >
        <label
          className="smallLabel"
        >
          Search Radius (Miles)
        </label>
      </div>
    </div>
    <div
      className="row"
    >
      <div
        className="col-sm-8"
      >
        <input
          className="mainSearch"
          onChange={[Function]}
          placeholder="Procedure name or DRG code"
          type="text"
        />
      </div>
      <div
        className="col-sm-2"
      >
        <input
          className="locSearch"
          onChange={[Function]}
          placeholder="Zip code"
          type="text"
        />
      </div>
      <div
        className="col-sm-2"
      >
        <input
          className="radSearch"
          onChange={[Function]}
          placeholder="Distance"
          type="text"
        />
      </div>
    </div>
    <div
      className="align-items-right row"
    >
      <div
        className="offset-8 col-sm-4"
      >
        <input
          className="butn"
          onClick={[Function]}
          type="submit"
          value="Submit"
        />
      </div>
    </div>
  </div>
</form>
`;
